// Jest Snapshot v1, https://goo.gl/fbAQLP

exports[`Logo component have to match default logo snapshot 1`] = `
<Logo
  class="class"
  className="className"
  color="color"
  height={80}
  ratio={1}
  size={1}
  width={1}
>
  <span
    alt="DNB Logo"
    aria-hidden={true}
    className="dnb-logo className class dnb-logo--has-size"
    data-ratio={1}
    role="img"
  >
    <svg
      color="color"
      height={80}
      viewBox="0 0 93.0362 64"
      width={1}
    >
      <title>
        DNB Logo
      </title>
      <path
        d="M89.668 31.9442a10.6487 10.6487 0 0 0-1.8465-1.2184l-.178-.0887.1554-.1337a8.7063 8.7063 0 0 0 2.7652-6.848c-.006-3.3331-1.1437-5.82-3.413-7.3936-1.9135-1.3528-4.5588-2.0142-8.092-2.0079l-10.1326.0182a1.081 1.081 0 0 0-1.0645 1.0685l.0597 33.2203a1.0667 1.0667 0 0 0 1.0685 1.0646l11.577-.0208c3.644-.0065 6.5758-.7897 8.684-2.3266a8.6558 8.6558 0 0 0 2.7937-3.4054 11.2675 11.2675 0 0 0 .9913-4.868 8.967 8.967 0 0 0-3.3681-7.0605zM71.1547 17.5795l7.9106-.0142q4.1997-.0076 6.202 1.3885c.8454.5985 2.003 1.752 2.0083 4.7074.0095 5.2883-4.1672 5.7179-5.4338 5.7201l-10.6659.0192zm9.4066 28.7366l-9.355.0168-.0244-13.6438 10.6659-.0191c4.6219-.0083 7.8707 2.6072 7.8774 6.3407.0033 1.8.0131 7.289-9.1639 7.3054z"
      />
      <path
        d="M22.4948 19.6221a14.0642 14.0642 0 0 0-5.5848-4.101 16.8443 16.8443 0 0 0-6.2238-1.1443l-9.6215.0173A1.086 1.086 0 0 0 0 15.4853L.0597 48.683a1.0668 1.0668 0 0 0 1.0686 1.0646l9.6214-.0173a16.3939 16.3939 0 0 0 6.2197-1.1667 13.8015 13.8015 0 0 0 5.57-4.0994c3.3924-4.1833 3.894-9.4508 3.889-12.2284-.0043-2.3544-.3927-8.2876-3.9336-12.6136zm-2.5144 22.758a11.615 11.615 0 0 1-9.2366 4.0615l-7.3773.0133-.0516-28.7535 7.3772-.0132a11.5412 11.5412 0 0 1 9.2512 4.0271c2.9396 3.5948 3.1714 8.9716 3.1742 10.5264.0042 2.3338-.3878 6.7559-3.137 10.1384z"
      />
      <path
        d="M59.9016 0l.0877 48.7976a.9801.9801 0 0 1-.6872.956.7852.7852 0 0 1-.311.0678 1.011 1.011 0 0 1-.8229-.4217L36.3643 21.7303l.076 42.2638L33.1294 64l-.0879-48.9083a.9989.9989 0 0 1 .7094-.956.706.706 0 0 1 .311-.045 1.0218 1.0218 0 0 1 .8229.3978l21.8038 27.6922L56.6128.0059z"
      />
    </svg>
  </span>
</Logo>
`;

exports[`Logo scss have to match snapshot 1`] = `
"/*
* DNB Logo
*
*/
/**
 * This file is only used to make components independent
 * so that they can get imported individually, without the core styles
 *
 */
/*
 * Utilities
 */
/*
 * CSS Properties
 *
 */
:root {
  --font-family-default: 'Fedra Sans Std', sans-serif;
  --font-family-book: 'Fedra Sans Std', sans-serif;
  /* Do not use, use --font-weight-... */
  --font-family-demi: 'Fedra Sans Std', sans-serif;
  /* Do not use, use --font-weight-... */
  --font-family-medium: 'Fedra Sans Std', sans-serif;
  /* Do not use, use --font-weight-... */
  --font-weight-default: normal;
  --font-weight-book: normal;
  --font-weight-demi: 500;
  --font-weight-medium: 600;
  --font-size-small: 0.875rem;
  --font-size-default: 1rem;
  --font-size-x-default: 1.25rem;
  --font-size-medium: 1.5rem;
  --font-size-large: 2rem;
  --font-size-xx-large: 3rem;
  --color-sea-green-alt: #008484;
  --color-mint-green-50: #d2f0e9;
  --color-mint-green-25: #e9f8f4;
  --color-mint-green-12: #f4fbf9;
  --color-sea-green-alt-30: #b3dada;
  --color-signal-yellow-30: #ffffd7;
  --color-cherry-red: #e10076;
  --color-cherry-red-80: #fdebf4;
  --color-black: #000;
  --color-black-80: #333;
  --color-black-30: #b3b3b3;
  --color-white: #fff;
  --color-black-border: #cdcdcd;
  --color-black-background: #fafafa;
  --color-sea-green: #007272;
  --color-mint-green: #a5e1d2;
  --color-summer-green: #28b482;
  --color-emerald-green: #14555a;
  --color-ocean-green: #00343e;
  --color-signal-orange: #ff5400;
  --color-signal-yellow: #ffff7a;
  --color-indigo: #23195a;
  --color-violet: #6e2382;
  --color-sky-blue: #4bbed2; }

/*
 * Typography
 *
 * The font-family properties are defined in the properties.scss file, like:
 * --font-family-default:
 *
 */
.dnb-typo-std,
.dnb-typo-book {
  font-family: var(--font-family-default);
  font-weight: normal;
  font-style: normal; }

.dnb-typo-medium {
  font-family: var(--font-family-default);
  font-weight: var(--font-weight-medium);
  font-style: normal; }

.dnb-typo-demi {
  font-family: var(--font-family-default);
  font-weight: var(--font-weight-demi);
  font-style: normal; }

.dnb-typo-number--lining {
  font-variant-numeric: lining-nums;
  font-feature-settings: \\"lnum\\"; }

.dnb-typo-number--tabular {
  font-variant-numeric: tabular-nums;
  font-feature-settings: \\"lnum\\"; }

.dnb-typo-number--oldstyle {
  font-variant-numeric: oldstyle-nums;
  font-feature-settings: \\"onum\\"; }

.dnb-typo-number--proportional {
  font-variant-numeric: proportional-nums;
  font-feature-settings: \\"pnum\\"; }

@font-face {
  font-family: 'Fedra Sans Std';
  src: url(\\"../../../../assets/fonts//FedraSansStd-Book.eot\\");
  src: url(\\"../../../../assets/fonts//FedraSansStd-Book.eot?#iefix\\") format(\\"embedded-opentype\\"), url(\\"../../../../assets/fonts//FedraSansStd-Book.woff2\\") format(\\"woff2\\"), url(\\"../../../../assets/fonts//FedraSansStd-Book.woff\\") format(\\"woff\\"), url(\\"../../../../assets/fonts//FedraSansStd-Book.ttf\\") format(\\"truetype\\");
  font-weight: normal;
  font-style: normal;
  font-display: fallback; }

@font-face {
  font-family: 'Fedra Sans Std';
  src: url(\\"../../../../assets/fonts//FedraSansStd-Demi.eot\\");
  src: url(\\"../../../../assets/fonts//FedraSansStd-Demi.eot?#iefix\\") format(\\"embedded-opentype\\"), url(\\"../../../../assets/fonts//FedraSansStd-Demi.woff2\\") format(\\"woff2\\"), url(\\"../../../../assets/fonts//FedraSansStd-Demi.woff\\") format(\\"woff\\"), url(\\"../../../../assets/fonts//FedraSansStd-Demi.ttf\\") format(\\"truetype\\");
  font-weight: 500;
  font-style: normal;
  font-display: fallback; }

@font-face {
  font-family: 'Fedra Sans Std';
  src: url(\\"../../../../assets/fonts//FedraSansStd-Medium.eot\\");
  src: url(\\"../../../../assets/fonts//FedraSansStd-Medium.eot?#iefix\\") format(\\"embedded-opentype\\"), url(\\"../../../../assets/fonts//FedraSansStd-Medium.woff2\\") format(\\"woff2\\"), url(\\"../../../../assets/fonts//FedraSansStd-Medium.woff\\") format(\\"woff\\"), url(\\"../../../../assets/fonts//FedraSansStd-Medium.ttf\\") format(\\"truetype\\");
  font-weight: 600;
  font-style: normal;
  font-display: fallback; }

/*
 * Scopes
 *
 */
/*
 * Document Reset
 *
 */
.dnb-logo {
  /**
   * 1. Remove repeating backgrounds in all browsers (opinionated).
   * 2. Add border box sizing in all browsers (opinionated).
   */
  /**
   * 1. Add text decoration inheritance in all browsers (opinionated).
   * 2. Add vertical alignment inheritance in all browsers (opinionated).
   */
  /* Grouping content
   */
  /**
   * 1. Add the correct sizing in Firefox.
   * 2. Show the overflow in Edge and IE.
   */
  /**
   * Add the correct display in IE.
   */
  /**
   * Remove the list style on navigation lists in all browsers (opinionated).
   */
  /**
   * 1. Use the default monospace user interface font
   *    in all browsers (opinionated).
   * 2. Correct the odd \`em\` font sizing in all browsers.
   */
  /* Text-level semantics
   */
  /**
   * Remove the gray background on active links in IE 10.
   */
  /**
   * Add the correct text decoration in Edge, IE, Opera, and Safari.
   */
  /**
   * Add the correct font weight in Chrome, Edge, and Safari.
   */
  /**
   * 1. Use the default monospace user interface font
   *    in all browsers (opinionated).
   * 2. Correct the odd \`em\` font sizing in all browsers.
   */
  /*
   * Remove the text shadow on text selections in Firefox 61- (opinionated).
   * 1. Restore the coloring undone by defining the text shadow
   *    in all browsers (opinionated).
   */
  /* Embedded content
   */
  /*
   * Change the alignment on media elements in all browers (opinionated).
   */
  /**
   * Add the correct display in IE 9-.
   */
  /**
   * Add the correct display in iOS 4-7.
   */
  /**
   * Remove the border on images inside links in IE 10-.
   */
  /**
   * Change the fill color to match the text color in all browsers (opinionated).
   */
  /**
   * Hide the overflow in IE.
   */
  /* Tabular data
   */
  /**
   * Collapse border spacing in all browsers (opinionated).
   */
  /* Forms
   */
  /**
   * Inherit styling in all browsers (opinionated).
   */
  /**
   * Remove the margin in Safari.
   */
  /**
   * 1. Show the overflow in IE.
   * 2. Remove the inheritance of text transform in Edge, Firefox, and IE.
   */
  /**
   * Correct the inability to style clickable types in iOS and Safari.
   */
  /**
   * Correct the padding in Firefox.
   */
  /**
   * Show the overflow in Edge and IE.
   */
  /**
   * 1. Correct the text wrapping in Edge and IE.
   * 2. Correct the color inheritance from \`fieldset\` elements in IE.
   */
  /**
   * 1. Add the correct display in Edge and IE.
   * 2. Add the correct vertical alignment in Chrome, Firefox, and Opera.
   */
  /**
   * Remove the inheritance of text transform in Firefox.
   */
  /**
   * 1. Remove the margin in Firefox and Safari.
   * 2. Remove the default vertical scrollbar in IE.
   * 3. Change the resize direction on textareas in all browsers (opinionated).
   */
  /**
   * Remove the padding in IE 10-.
   */
  /**
   * 1. Correct the odd appearance in Chrome and Safari.
   * 2. Correct the outline style in Safari.
   */
  /**
   * Correct the cursor style of increment and decrement buttons in Safari.
   */
  /**
   * Correct the text style of placeholders in Chrome, Edge, and Safari.
   */
  /**
   * Remove the inner padding in Chrome and Safari on macOS.
   */
  /**
   * 1. Correct the inability to style clickable types in iOS and Safari.
   * 2. Change font properties to \`inherit\` in Safari.
   */
  /**
   * Remove the inner border and padding of focus outlines in Firefox.
   */
  /* Interactive
   */
  /*
   * Add the correct display in Edge and IE.
   */
  /*
   * Add the correct display in all browsers.
   */
  /* Scripting
   */
  /**
   * Add the correct display in IE 9-.
   */
  /**
   * Add the correct display in IE.
   */
  /* User interaction
   */
  /*
   * 1. Remove the tapping delay in IE 10.
   * 2. Remove the tapping delay on clickable elements
        in all browsers (opinionated).
   */
  /**
   * Add the correct display in IE 10-.
   */
  /* Accessibility
   */
  /**
   * Change the cursor on busy elements in all browsers (opinionated).
   */
  /*
   * Change the cursor on control elements in all browsers (opinionated).
   */
  /*
   * Change the cursor on disabled, not-editable, or otherwise
   * inoperable elements in all browsers (opinionated).
   */
  /*
   * Change the display on visually hidden accessible elements
   * in all browsers (opinionated).
   */
  font-family: sans-serif;
  font-family: var(--font-family-default);
  font-weight: var(--font-weight-default);
  font-size: 1rem;
  font-style: normal;
  line-height: 1.5rem;
  color: var(--color-black-80, #333);
  font-variant-numeric: lining-nums;
  font-feature-settings: \\"lnum\\";
  font-size: 1em;
  line-height: 1.5em; }
  .dnb-logo *,
  .dnb-logo ::before,
  .dnb-logo ::after {
    background-repeat: no-repeat;
    /* 1 */
    box-sizing: border-box;
    /* 2 */ }
  .dnb-logo ::before,
  .dnb-logo ::after {
    text-decoration: inherit;
    /* 1 */
    vertical-align: inherit;
    /* 2 */ }
  .dnb-logo hr {
    height: 0;
    /* 1 */
    overflow: visible;
    /* 2 */ }
  .dnb-logo main {
    display: block; }
  .dnb-logo nav ol,
  .dnb-logo nav ul {
    list-style: none; }
  .dnb-logo pre {
    font-family: Menlo, Consolas, Roboto Mono, Ubuntu Monospace, Noto Mono, Oxygen Mono, Liberation Mono, monospace;
    /* 1 */
    font-size: 1em;
    /* 2 */ }
  .dnb-logo a {
    background-color: transparent; }
  .dnb-logo abbr[title] {
    text-decoration: underline;
    text-decoration: underline dotted; }
  .dnb-logo b,
  .dnb-logo strong {
    font-weight: bolder; }
  .dnb-logo code,
  .dnb-logo kbd,
  .dnb-logo samp {
    font-family: Menlo, Consolas, Roboto Mono, Ubuntu Monospace, Noto Mono, Oxygen Mono, Liberation Mono, monospace;
    /* 1 */
    font-size: 1em;
    /* 2 */ }
  .dnb-logo ::-moz-selection {
    background-color: #b3d4fc;
    /* 1 */
    color: #000;
    /* 1 */
    text-shadow: none; }
  .dnb-logo audio,
  .dnb-logo canvas,
  .dnb-logo iframe,
  .dnb-logo img,
  .dnb-logo svg,
  .dnb-logo video {
    vertical-align: middle; }
  .dnb-logo audio,
  .dnb-logo video {
    display: inline-block; }
  .dnb-logo audio:not([controls]) {
    display: none;
    height: 0; }
  .dnb-logo img {
    border-style: none; }
  .dnb-logo svg:not([fill]) {
    fill: currentColor; }
  .dnb-logo svg:not(:root) {
    overflow: hidden; }
  .dnb-logo table {
    border-collapse: collapse; }
  .dnb-logo button,
  .dnb-logo input,
  .dnb-logo select,
  .dnb-logo textarea {
    font-family: inherit;
    font-size: inherit;
    line-height: inherit; }
  .dnb-logo button,
  .dnb-logo input,
  .dnb-logo select {
    margin: 0; }
  .dnb-logo button {
    overflow: visible;
    /* 1 */
    text-transform: none;
    /* 2 */ }
  .dnb-logo button,
  .dnb-logo [type='button'],
  .dnb-logo [type='reset'],
  .dnb-logo [type='submit'] {
    -webkit-appearance: button; }
  .dnb-logo fieldset {
    padding: 0.35rem 0.75rem 0.625rem; }
  .dnb-logo input {
    overflow: visible; }
  .dnb-logo legend {
    color: inherit;
    /* 2 */
    display: table;
    /* 1 */
    max-width: 100%;
    /* 1 */
    white-space: normal;
    /* 1 */ }
  .dnb-logo progress {
    display: inline-block;
    /* 1 */
    vertical-align: baseline;
    /* 2 */ }
  .dnb-logo select {
    text-transform: none; }
  .dnb-logo textarea {
    margin: 0;
    /* 1 */
    overflow: auto;
    /* 2 */
    resize: vertical;
    /* 3 */ }
  .dnb-logo [type='checkbox'],
  .dnb-logo [type='radio'] {
    padding: 0; }
  .dnb-logo [type='search'] {
    -webkit-appearance: textfield;
    /* 1 */
    outline-offset: -2px;
    /* 2 */ }
  .dnb-logo ::-webkit-inner-spin-button,
  .dnb-logo ::-webkit-outer-spin-button {
    height: auto; }
  .dnb-logo ::-webkit-input-placeholder {
    color: inherit;
    opacity: 0.54; }
  .dnb-logo ::-webkit-search-decoration {
    -webkit-appearance: none; }
  .dnb-logo ::-webkit-file-upload-button {
    -webkit-appearance: button;
    /* 1 */
    font: inherit;
    /* 2 */ }
  .dnb-logo ::-moz-focus-inner {
    border-style: none;
    padding: 0; }
  .dnb-logo details {
    display: block; }
  .dnb-logo summary {
    display: list-item; }
  .dnb-logo canvas {
    display: inline-block; }
  .dnb-logo template {
    display: none; }
  .dnb-logo a,
  .dnb-logo area,
  .dnb-logo button,
  .dnb-logo input,
  .dnb-logo label,
  .dnb-logo select,
  .dnb-logo summary,
  .dnb-logo textarea,
  .dnb-logo [tabindex] {
    -ms-touch-action: manipulation;
    /* 1 */
    touch-action: manipulation;
    /* 2 */ }
  .dnb-logo [hidden] {
    display: none; }
  .dnb-logo [aria-busy='true'] {
    cursor: progress; }
  .dnb-logo [aria-controls] {
    cursor: pointer; }
  .dnb-logo [aria-disabled='true'],
  .dnb-logo [disabled] {
    cursor: not-allowed; }
  .dnb-logo [aria-hidden='false'][hidden]:not(:focus) {
    clip: rect(0, 0, 0, 0);
    display: inherit;
    position: absolute; }
  @media print {
    .dnb-logo {
      background-color: white; } }

/*
 * Logo Component
 *
 */
.dnb-logo {
  display: inline-block;
  vertical-align: baseline;
  font-size: inherit;
  line-height: 1;
  color: var(--color-sea-green);
  --ratio: attr(data-ratio);
  width: calc(1em * var(--ratio, 1.453690625));
  height: 1em; }
  .dnb-logo svg {
    fill: currentColor; }
  .dnb-logo--has-size {
    width: auto;
    height: auto; }
  .dnb-logo--inherit-size {
    height: inherit; }
  .dnb-logo svg:not([width]):not([height]) {
    width: inherit;
    height: inherit; }
"
`;
