// Jest Snapshot v1, https://goo.gl/fbAQLP

exports[`FormLabel component have to match snapshot 1`] = `
<FormLabel
  class="class"
  className="className"
  disabled="disabled"
  for_id="for_id"
  id="id"
  render_content={[Function]}
  text="text"
  title="title"
>
  <label
    aria-disabled={true}
    className="dnb-form-label className class"
    disabled="disabled"
    htmlFor="for_id"
    id="id"
    title="title"
  >
    text
  </label>
</FormLabel>
`;

exports[`FormLabel scss have to match default theme snapshot 1`] = `
"/*
 * FormLabel theme
 *
 */
.dnb-form-label {
  color: var(--color-black-80); }
"
`;

exports[`FormLabel scss have to match snapshot 1`] = `
"/*
* DNB FormLabel
*
*/
/**
 * This file is only used to make components independent
 * so that they can get imported individually, without the core styles
 *
 */
/*
 * Utilities
 */
/*
 * Scopes
 *
 */
/*
 * Document Reset
 *
 */
.dnb-form-label {
  font-family: var(--font-family-default);
  font-weight: var(--font-weight-default);
  font-size: 1rem;
  font-style: normal;
  line-height: 1.5rem;
  color: var(--color-black-80, #333);
  -webkit-tap-highlight-color: rgba(0, 0, 0, 0);
  font-variant-numeric: lining-nums;
  font-feature-settings: \\"lnum\\";
  /**
  * 1. Remove repeating backgrounds in all browsers (opinionated).
  * 2. Add border box sizing in all browsers (opinionated).
  */
  /**
  * 1. Add text decoration inheritance in all browsers (opinionated).
  * 2. Add vertical alignment inheritance in all browsers (opinionated).
  */
  margin: 0;
  padding: 0; }
  .dnb-form-label *,
  .dnb-form-label ::before,
  .dnb-form-label ::after {
    background-repeat: no-repeat;
    /* 1 */
    box-sizing: border-box;
    /* 2 */ }
  .dnb-form-label ::before,
  .dnb-form-label ::after {
    text-decoration: inherit;
    /* 1 */
    vertical-align: inherit;
    /* 2 */ }

/*
 * FormLabel component
 *
 */
.dnb-form-label {
  user-select: none;
  margin-right: 1rem;
  display: inline-block;
  vertical-align: baseline;
  cursor: pointer;
  color: inherit;
  width: auto;
  white-space: nowrap; }
  .dnb-form-label--vertical {
    margin-right: 0;
    margin-top: 0; }
  .dnb-form-label[for]:not([disabled]):hover {
    color: var(--color-sea-green); }
  .dnb-form-label[disabled] {
    cursor: not-allowed; }
"
`;
