// Jest Snapshot v1, https://goo.gl/fbAQLP

exports[`Dropdown component have to match snapshot 1`] = `
<span
  className="dnb-dropdown typo-light dnb-dropdown--icon-position-icon_position dnb-dropdown--hidden class className"
>
  <input
    aria-haspopup="listbox"
    aria-label="title"
    className="dnb-dropdown__value-holder-input"
    id="input_id"
    onBlur={[Function]}
    onFocus={[Function]}
    onKeyDown={[Function]}
    readOnly={true}
    title="title"
    value=""
  />
  <button
    aria-hidden={true}
    aria-labelledby="undefined"
    className="dnb-dropdown__trigger typo-book"
    onMouseDown={[Function]}
    tabIndex="-1"
  >
    <span
      className="dnb-dropdown__text"
    >
      <span
        className="dnb-dropdown__text__inner"
      >
        Sparekonto - Ole Nordmann
      </span>
    </span>
    <span
      className="dnb-dropdown__icon icon-icon"
    >
      <IconWithAllIcons
        alt={null}
        area_hidden={false}
        attributes={null}
        class={null}
        className={null}
        color={null}
        height={null}
        icon="icon"
        icon_size="24"
        modifier={null}
        size={16}
        width={null}
      />
      <span
        className="dnb-dropdown__icon__triangle"
      />
    </span>
  </button>
  <ul
    aria-labelledby="undefined"
    className="dnb-dropdown__options"
  >
    <li
      aria-selected={false}
      className="dnb-dropdown__option   "
      key="dw_li0"
      role="option"
    >
      <span
        className="dnb-dropdown__option__inner"
        onMouseDown={[Function]}
        role="button"
        tabIndex="-1"
        title="Brukskonto - Kari Nordmann"
      >
        <span
          className="dnb-dropdown__option__item"
          key="dw_item0"
        >
          1234.56.78901
        </span>
        <span
          className="dnb-dropdown__option__item"
          key="dw_item1"
        >
          Brukskonto - Kari Nordmann
        </span>
      </span>
    </li>
    <li
      aria-selected={false}
      className="dnb-dropdown__option dnb-dropdown__option--selected  "
      key="dw_li1"
      role="option"
    >
      <span
        className="dnb-dropdown__option__inner"
        onMouseDown={[Function]}
        role="button"
        tabIndex="-1"
        title="Sparekonto - Ole Nordmann"
      >
        <span
          className="dnb-dropdown__option__item"
          key="dw_item0"
        >
          1234.56.78902
        </span>
        <span
          className="dnb-dropdown__option__item"
          key="dw_item1"
        >
          Sparekonto - Ole Nordmann
        </span>
      </span>
    </li>
    <li
      aria-selected={false}
      className="dnb-dropdown__option   "
      key="dw_li2"
      role="option"
    >
      <span
        className="dnb-dropdown__option__inner"
        onMouseDown={[Function]}
        role="button"
        tabIndex="-1"
        title="Feriekonto - Kari Nordmann med et kjempelangt etternavnsen"
      >
        <span
          className="dnb-dropdown__option__item"
          key="dw_item0"
        >
          1134.56.78962
        </span>
        <span
          className="dnb-dropdown__option__item"
          key="dw_item1"
        >
          Feriekonto - Kari Nordmann med et kjempelangt etternavnsen
        </span>
      </span>
    </li>
    <li
      aria-selected={false}
      className="dnb-dropdown__option   "
      key="dw_li3"
      role="option"
    >
      <span
        className="dnb-dropdown__option__inner"
        onMouseDown={[Function]}
        role="button"
        tabIndex="-1"
        title="Oppussing - Ole Nordmann"
      >
        <span
          className="dnb-dropdown__option__item"
          key="dw_item0"
        >
          1534.96.48901
        </span>
        <span
          className="dnb-dropdown__option__item"
          key="dw_item1"
        >
          Oppussing - Ole Nordmann
        </span>
      </span>
    </li>
  </ul>
  <span
    className="dnb-dropdown__outside-value typo-book"
  >
    1234.56.78902
  </span>
</span>
`;

exports[`Dropdown scss have to match snapshot 1`] = `
"/*
* DNB Dropdown
*
* ======================================================================== */
/*
 * Utilities
 * ========================================================================== */
/*
 * Typography
 * ========================================================================== */
:root {
  --font-family-std: 'Fedra Sans Std', sans-serif;
  --font-family-demi: 'Fedra Sans Std Demi', sans-serif; }

.typo-std,
.typo-book {
  font-family: var(--font-family-std);
  font-weight: normal;
  font-style: normal; }

.typo-medium {
  font-family: var(--font-family-std);
  font-weight: 600;
  font-style: normal; }

.typo-demi {
  font-family: var(--font-family-demi);
  font-weight: normal;
  font-style: normal; }

.typo-number--old-style {
  font-variant-numeric: oldstyle-nums;
  -moz-font-feature-settings: \\"onum\\";
  -webkit-font-feature-settings: \\"onum\\";
  font-feature-settings: \\"onum\\"; }

.typo-number--lining {
  font-variant-numeric: lining-nums;
  -moz-font-feature-settings: \\"lnum\\";
  -webkit-font-feature-settings: \\"lnum\\";
  font-feature-settings: \\"lnum\\"; }

.typo-number--tabular {
  font-variant-numeric: tabular-nums;
  -moz-font-feature-settings: \\"tnum\\";
  -webkit-font-feature-settings: \\"tnum\\";
  font-feature-settings: \\"tnum\\"; }

.typo-number--proportional {
  font-variant-numeric: proportional-nums;
  -moz-font-feature-settings: \\"pnum\\";
  -webkit-font-feature-settings: \\"pnum\\";
  font-feature-settings: \\"pnum\\"; }

@font-face {
  font-family: 'Fedra Sans Std';
  src: url(\\"../../../../assets/fonts//FedraSansStd-Book.eot\\");
  src: url(\\"../../../../assets/fonts//FedraSansStd-Book.eot?#iefix\\") format(\\"embedded-opentype\\"), url(\\"../../../../assets/fonts//FedraSansStd-Book.woff2\\") format(\\"woff2\\"), url(\\"../../../../assets/fonts//FedraSansStd-Book.woff\\") format(\\"woff\\"), url(\\"../../../../assets/fonts//FedraSansStd-Book.ttf\\") format(\\"truetype\\");
  font-weight: normal;
  font-style: normal; }

@font-face {
  font-family: 'Fedra Sans Std Demi';
  src: url(\\"../../../../assets/fonts//FedraSansStd-Demi.eot\\");
  src: url(\\"../../../../assets/fonts//FedraSansStd-Demi.eot?#iefix\\") format(\\"embedded-opentype\\"), url(\\"../../../../assets/fonts//FedraSansStd-Demi.woff2\\") format(\\"woff2\\"), url(\\"../../../../assets/fonts//FedraSansStd-Demi.woff\\") format(\\"woff\\"), url(\\"../../../../assets/fonts//FedraSansStd-Demi.ttf\\") format(\\"truetype\\");
  font-weight: normal;
  font-style: normal; }

/*
* Scopes
* ======================================================================== */
/*
* DNB Input
*
* ======================================================================== */
/*
* DNB Button
*
* ======================================================================== */
/*
* DNB icon
*
* ======================================================================== */
/*
* Icon component
*
* ======================================================================== */
.dnb-icon {
  display: inline;
  vertical-align: baseline;
  font-size: inherit;
  width: 1em;
  height: 1em; }
  .dnb-icon svg {
    fill: currentColor; }
  .dnb-icon:not(.has-custom-size) svg {
    width: inherit;
    height: inherit; }
  .dnb-icon--small {
    width: 0.5em;
    height: 0.5em; }
  .dnb-icon--default {
    width: 1em;
    height: 1em; }
  .dnb-icon--medium {
    width: 1.5em;
    height: 1.5em; }
  .dnb-icon--large {
    width: 2em;
    height: 2em; }

.dnb-button {
  font-family: var(--font-family-std, sans-serif);
  font-size: 1rem;
  font-weight: normal;
  font-style: normal;
  line-height: 1.5rem;
  color: var(--color-black-80, #333); }
  .dnb-button *,
  .dnb-button ::before,
  .dnb-button ::after {
    background-repeat: no-repeat;
    box-sizing: border-box; }
  .dnb-button ::before,
  .dnb-button ::after {
    text-decoration: inherit;
    vertical-align: inherit; }

/*
* Button component
*
* ======================================================================== */
:root {
  --button-font-family: var(--font-family-std);
  --button-font-size: 1rem;
  --button-font-weight: normal;
  --button-font-style: normal;
  --button-width: 2.5rem;
  --button-height: 2.5rem;
  --button-width--medium: 2rem;
  --button-height--medium: 2rem;
  --button-width--large: 3rem;
  --button-height--large: 3rem;
  --button-icon-size: 1rem;
  --button-border-width: 1px;
  --button-border-width--hover: 3px;
  --button-border-radius: calc(var(--button-height) / 2);
  --button-border-radius--medium: calc(var(--button-height--medium) / 2);
  --button-border-radius--large: calc(var(--button-height--large) / 2); }

.dnb-button {
  display: inline-flex;
  vertical-align: middle;
  align-content: center;
  align-items: center;
  justify-content: center;
  white-space: nowrap;
  cursor: pointer;
  width: var(--button-width);
  height: var(--button-height);
  padding: 0;
  border: var(--button-border-width) solid transparent;
  border-radius: var(--button-border-radius);
  font-family: var(--button-font-family);
  font-size: var(--button-font-size);
  font-weight: var(--button-font-weight);
  font-style: var(--button-font-style);
  text-decoration: none;
  /* Firefox includes a hidden border which messes up button dimensions */ }
  .dnb-button__icon {
    line-height: 0; }
    .dnb-button__icon:not(.dnb-icon) svg:not([width]):not([height]) {
      width: var(--button-icon-size);
      height: var(--button-icon-size); }
  .dnb-button__text {
    color: inherit;
    background-color: inherit;
    transform: translateY(var(--button-border-width)); }
  .dnb-button--size-medium {
    width: var(--button-width--medium);
    height: var(--button-height--medium);
    border-radius: var(--button-border-radius--medium); }
  .dnb-button--has-text.dnb-button--size-medium {
    padding-left: 1em;
    padding-right: 1em; }
  .dnb-button--has-text.dnb-button--icon-position-left.dnb-button--size-medium {
    padding-left: 0.5em; }
  .dnb-button--has-text.dnb-button--icon-position-right.dnb-button--size-medium {
    padding-right: 0.5em; }
  .dnb-button--size-large {
    width: var(--button-width--large);
    height: var(--button-height--large);
    border-radius: var(--button-border-radius--large); }
  .dnb-button--has-text.dnb-button--size-large {
    padding-left: 2em;
    padding-right: 2em; }
  .dnb-button--has-text.dnb-button--icon-position-left.dnb-button--size-large {
    padding-left: 1em; }
  .dnb-button--has-text.dnb-button--icon-position-right.dnb-button--size-large {
    padding-right: 1em; }
  .dnb-button--has-text {
    padding-left: 1.5em;
    padding-right: 1.5em;
    width: auto; }
  .dnb-button--has-text .dnb-button__icon {
    margin: 0 calc(var(--button-icon-size) / 2); }
  .dnb-button--has-text.dnb-button--icon-position-left {
    padding-left: 0.5em; }
  .dnb-button--has-text.dnb-button--icon-position-right {
    padding-right: 0.5em; }
  .dnb-button--has-text.dnb-button--has-icon .dnb-button__icon {
    order: 2; }
  .dnb-button--has-text.dnb-button--has-icon .dnb-button__text {
    order: 1; }
  .dnb-button--has-text.dnb-button--has-icon.dnb-button--icon-position-left .dnb-button__icon {
    order: 1; }
  .dnb-button--has-text.dnb-button--has-icon.dnb-button--icon-position-left .dnb-button__text {
    order: 2; }
  .dnb-button--reset {
    margin: 0;
    padding: 0;
    width: auto;
    height: auto;
    overflow: visible;
    border: none;
    border-radius: 0;
    background-color: transparent;
    appearance: none;
    box-shadow: none;
    color: inherit;
    font: inherit;
    text-align: inherit;
    line-height: 0; }
    .no-touch .dnb-button--reset:hover[disabled] {
      cursor: not-allowed; }
    .no-touch .dnb-button--reset:hover:not([disabled]) {
      opacity: 0.6;
      box-shadow: none;
      border: none; }
    .dnb-button--reset:not([disabled]):focus, .dnb-button--reset:not([disabled]):active {
      outline: none;
      border-color: transparent; }
      html[data-whatinput='mouse'] .dnb-button--reset:not([disabled]):focus:not(.dnb-no-mouse-focus), html[data-whatinput='mouse'] .dnb-button--reset:not([disabled]):active:not(.dnb-no-mouse-focus) {
        transition: box-shadow 0.1s ease-out 0s;
        box-shadow: 0 0 0 2px var(--color-emerald-green); }
      html[data-whatinput='keyboard'] .dnb-button--reset:not([disabled]):focus, html[data-whatinput='keyboard'] .dnb-button--reset:not([disabled]):active {
        box-shadow: 0 0 0 2px var(--color-signal-orange); }
    html[data-whatinput='mouse']
.dnb-button--reset:not([disabled]):focus:not(.dnb-no-mouse-focus),
    html[data-whatinput='mouse']
.dnb-button--reset:not([disabled]):active:not(.dnb-no-mouse-focus) {
      box-shadow: none;
      color: inherit;
      border: none; }
  .dnb-button[type='button'] {
    appearance: none; }
  a .dnb-button {
    border-bottom: none; }
  button.dnb-button::-moz-focus-inner .dnb-button {
    border: none; }

.dnb-input {
  font-family: var(--font-family-std, sans-serif);
  font-size: 1rem;
  font-weight: normal;
  font-style: normal;
  line-height: 1.5rem;
  color: var(--color-black-80, #333); }
  .dnb-input *,
  .dnb-input ::before,
  .dnb-input ::after {
    background-repeat: no-repeat;
    box-sizing: border-box; }
  .dnb-input ::before,
  .dnb-input ::after {
    text-decoration: inherit;
    vertical-align: inherit; }

/*
* Input component
*
* ======================================================================== */
/*
* Forms and inputs
* ======================================================================== */
.dnb-input {
  display: flex;
  align-items: center;
  flex-flow: row wrap;
  width: 100%; }
  .dnb-input--label-hidden label {
    border: 0;
    clip: rect(0 0 0 0);
    height: 1px;
    margin: -1px;
    overflow: hidden;
    padding: 0;
    position: absolute;
    width: 1px; }
  .dnb-input__shell {
    position: relative;
    flex: 1;
    display: flex;
    width: 100%;
    height: 100%;
    margin: 0;
    align-items: center;
    background-color: #f5fafa;
    border-radius: 2rem;
    border: 1px solid #bedbdb;
    transition: background-color 0.5s ease-out 0s; }
    .no-touch .dnb-input__shell input:not([disabled]):hover[disabled] {
      cursor: not-allowed; }
    .no-touch .dnb-input__shell input:not([disabled]):hover:not([disabled]) {
      background-color: rgba(255, 255, 255, 0.7); }
  .dnb-input__description, .dnb-input__placeholder, .dnb-input__input {
    font-size: 1rem;
    line-height: 1.25; }
  .dnb-input__placeholder, .dnb-input__input {
    width: 100%;
    height: 2.2rem;
    padding: 1.2rem 0 1rem 1rem;
    font-family: inherit;
    font-weight: inherit;
    outline: none;
    background-color: transparent;
    color: inherit;
    border: none;
    border-radius: 2rem; }
  .dnb-input__input[disabled] {
    opacity: 0.5;
    user-select: none; }
  .dnb-input__placeholder {
    pointer-events: none;
    position: absolute;
    left: 0;
    top: 2px;
    padding: 0 1rem;
    height: 100%;
    overflow: hidden;
    white-space: nowrap;
    opacity: 1;
    color: rgba(var(--color-black-80), 0.8);
    line-height: 2.2rem;
    text-overflow: ellipsis;
    border-radius: 0;
    transition: opacity 0.1s linear 0s; }
  .dnb-input__description {
    margin: 0 0 0 0.5rem; }
  .dnb-input__extra-information {
    flex: 1 100%;
    margin: 0.5rem 0 0 1rem;
    font-size: 0.75rem;
    line-height: 1rem; }
  .dnb-input--large .dnb-input__description,
  .dnb-input--large .dnb-input__input,
  .dnb-input--large .dnb-input__placeholder {
    font-size: 2rem; }
  .dnb-input--large .dnb-input__placeholder {
    line-height: 3rem; }
  .dnb-input--large .dnb-input__input {
    height: 3rem;
    padding: 1.5rem 0 1.5rem 1.5rem;
    border-radius: 3rem; }
  .dnb-input__align--right {
    padding-left: 0 !important;
    padding-right: 1rem !important;
    text-align: right; }
  .dnb-input__input--search {
    border-radius: 2rem 0 0 2rem;
    margin: 0 1px 0 0; }
  .dnb-input__search-submit {
    position: relative;
    top: -1px;
    right: -1px;
    /* stylelint-disable */
    flex: 0 0 2.2rem;
    flex: 0 0 calc(4px + 2.2rem);
    height: 2.2rem;
    height: calc(4px + 2.2rem);
    /* stylelint-enable */
    margin: 0 0 -2px; }
    .dnb-input__search-submit__button {
      width: 100%;
      height: 100%; }
  .dnb-input__shell[data-input-state='focus'] {
    border-color: #a0d6c9;
    background-color: white;
    box-shadow: 0 0 0 2px var(--color-sea-green);
    outline: none;
    border-color: transparent; }
    html[data-whatinput='mouse'] .dnb-input__shell[data-input-state='focus']:not(.dnb-no-mouse-focus) {
      transition: box-shadow 0.1s ease-out 0s;
      box-shadow: 0 0 0 2px var(--color-emerald-green); }
    html[data-whatinput='keyboard'] .dnb-input__shell[data-input-state='focus'] {
      box-shadow: 0 0 0 2px var(--color-signal-orange); }
  .dnb-input__shell[data-has-content='true'] .dnb-input__placeholder,
  .dnb-input__shell[data-input-state='focus'][data-has-content='true'] .dnb-input__placeholder {
    display: none; }
  .dnb-input__shell[data-input-state='focus'][data-has-content='false'] .dnb-input__placeholder {
    opacity: 0.35; }

.dnb-input__shell[data-has-content='true'] {
  background-color: rgba(255, 255, 255, 0.7); }

/*
* Range input
* ======================================================================== */
.dnb-range-slider__css-vars__bg-color-1 {
  background-color: rgba(var(--color-sea-green), 0.5); }

.dnb-range-slider__css-vars__bg-color-2 {
  background-color: var(--color-summer-green); }

input[type='range'] {
  -webkit-appearance: none;
  width: 100%;
  border-radius: 0.25rem; }

input[type='range']::-webkit-slider-runnable-track {
  position: relative;
  z-index: 1;
  cursor: pointer;
  width: 100%;
  height: 0.25rem;
  box-shadow: none; }

input[type='range']::-webkit-slider-thumb {
  position: relative;
  top: 0.125rem;
  cursor: pointer;
  height: 1.5rem;
  width: 1.5rem;
  border-radius: 1.5rem;
  background: white;
  border: 1px solid #98c6c6;
  transform: translate(0, -50%);
  -webkit-appearance: none;
  box-shadow: 1px 1px 2px rgba(0, 135, 137, 0.25), 0 0 1px rgba(0, 160, 163, 0.25); }

input[type='range']:focus {
  outline: none; }

.dnb-dropdown {
  font-family: var(--font-family-std, sans-serif);
  font-size: 1rem;
  font-weight: normal;
  font-style: normal;
  line-height: 1.5rem;
  color: var(--color-black-80, #333); }
  .dnb-dropdown *,
  .dnb-dropdown ::before,
  .dnb-dropdown ::after {
    background-repeat: no-repeat;
    box-sizing: border-box; }
  .dnb-dropdown ::before,
  .dnb-dropdown ::after {
    text-decoration: inherit;
    vertical-align: inherit; }

/*
* Dropdown component
*
*/
/*
* Input component
*
* ======================================================================== */
/*
* Forms and inputs
* ======================================================================== */
.dnb-input {
  display: flex;
  align-items: center;
  flex-flow: row wrap;
  width: 100%; }
  .dnb-input--label-hidden label {
    border: 0;
    clip: rect(0 0 0 0);
    height: 1px;
    margin: -1px;
    overflow: hidden;
    padding: 0;
    position: absolute;
    width: 1px; }
  .dnb-input__shell {
    position: relative;
    flex: 1;
    display: flex;
    width: 100%;
    height: 100%;
    margin: 0;
    align-items: center;
    background-color: #f5fafa;
    border-radius: 2rem;
    border: 1px solid #bedbdb;
    transition: background-color 0.5s ease-out 0s; }
    .no-touch .dnb-input__shell input:not([disabled]):hover[disabled] {
      cursor: not-allowed; }
    .no-touch .dnb-input__shell input:not([disabled]):hover:not([disabled]) {
      background-color: rgba(255, 255, 255, 0.7); }
  .dnb-input__description, .dnb-input__placeholder, .dnb-input__input {
    font-size: 1rem;
    line-height: 1.25; }
  .dnb-input__placeholder, .dnb-input__input {
    width: 100%;
    height: 2.2rem;
    padding: 1.2rem 0 1rem 1rem;
    font-family: inherit;
    font-weight: inherit;
    outline: none;
    background-color: transparent;
    color: inherit;
    border: none;
    border-radius: 2rem; }
  .dnb-input__input[disabled] {
    opacity: 0.5;
    user-select: none; }
  .dnb-input__placeholder {
    pointer-events: none;
    position: absolute;
    left: 0;
    top: 2px;
    padding: 0 1rem;
    height: 100%;
    overflow: hidden;
    white-space: nowrap;
    opacity: 1;
    color: rgba(var(--color-black-80), 0.8);
    line-height: 2.2rem;
    text-overflow: ellipsis;
    border-radius: 0;
    transition: opacity 0.1s linear 0s; }
  .dnb-input__description {
    margin: 0 0 0 0.5rem; }
  .dnb-input__extra-information {
    flex: 1 100%;
    margin: 0.5rem 0 0 1rem;
    font-size: 0.75rem;
    line-height: 1rem; }
  .dnb-input--large .dnb-input__description,
  .dnb-input--large .dnb-input__input,
  .dnb-input--large .dnb-input__placeholder {
    font-size: 2rem; }
  .dnb-input--large .dnb-input__placeholder {
    line-height: 3rem; }
  .dnb-input--large .dnb-input__input {
    height: 3rem;
    padding: 1.5rem 0 1.5rem 1.5rem;
    border-radius: 3rem; }
  .dnb-input__align--right {
    padding-left: 0 !important;
    padding-right: 1rem !important;
    text-align: right; }
  .dnb-input__input--search {
    border-radius: 2rem 0 0 2rem;
    margin: 0 1px 0 0; }
  .dnb-input__search-submit {
    position: relative;
    top: -1px;
    right: -1px;
    /* stylelint-disable */
    flex: 0 0 2.2rem;
    flex: 0 0 calc(4px + 2.2rem);
    height: 2.2rem;
    height: calc(4px + 2.2rem);
    /* stylelint-enable */
    margin: 0 0 -2px; }
    .dnb-input__search-submit__button {
      width: 100%;
      height: 100%; }
  .dnb-input__shell[data-input-state='focus'] {
    border-color: #a0d6c9;
    background-color: white;
    box-shadow: 0 0 0 2px var(--color-sea-green);
    outline: none;
    border-color: transparent; }
    html[data-whatinput='mouse'] .dnb-input__shell[data-input-state='focus']:not(.dnb-no-mouse-focus) {
      transition: box-shadow 0.1s ease-out 0s;
      box-shadow: 0 0 0 2px var(--color-emerald-green); }
    html[data-whatinput='keyboard'] .dnb-input__shell[data-input-state='focus'] {
      box-shadow: 0 0 0 2px var(--color-signal-orange); }
  .dnb-input__shell[data-has-content='true'] .dnb-input__placeholder,
  .dnb-input__shell[data-input-state='focus'][data-has-content='true'] .dnb-input__placeholder {
    display: none; }
  .dnb-input__shell[data-input-state='focus'][data-has-content='false'] .dnb-input__placeholder {
    opacity: 0.35; }

.dnb-input__shell[data-has-content='true'] {
  background-color: rgba(255, 255, 255, 0.7); }

/*
* Range input
* ======================================================================== */
.dnb-range-slider__css-vars__bg-color-1 {
  background-color: rgba(var(--color-sea-green), 0.5); }

.dnb-range-slider__css-vars__bg-color-2 {
  background-color: var(--color-summer-green); }

input[type='range'] {
  -webkit-appearance: none;
  width: 100%;
  border-radius: 0.25rem; }

input[type='range']::-webkit-slider-runnable-track {
  position: relative;
  z-index: 1;
  cursor: pointer;
  width: 100%;
  height: 0.25rem;
  box-shadow: none; }

input[type='range']::-webkit-slider-thumb {
  position: relative;
  top: 0.125rem;
  cursor: pointer;
  height: 1.5rem;
  width: 1.5rem;
  border-radius: 1.5rem;
  background: white;
  border: 1px solid #98c6c6;
  transform: translate(0, -50%);
  -webkit-appearance: none;
  box-shadow: 1px 1px 2px rgba(0, 135, 137, 0.25), 0 0 1px rgba(0, 160, 163, 0.25); }

input[type='range']:focus {
  outline: none; }

.dnb-dropdown {
  --dropdown-width: 20rem;
  width: 20rem;
  width: var(--dropdown-width);
  position: relative;
  display: inline-block; }
  .dnb-dropdown__options {
    position: absolute;
    z-index: 3;
    top: calc(2.2rem - 15px);
    left: 0;
    width: 100%;
    margin: 0;
    padding: 1rem 0 0 0;
    list-style: none;
    overflow: hidden;
    opacity: 0;
    border: 1px solid var(--color-violet);
    border-radius: 0.5rem;
    background-color: white;
    box-shadow: 0 3px 6px rgba(0, 0, 0, 0.15);
    transform: translate(0, 0);
    transition: transform 200ms, opacity 160ms ease-out; }
  .dnb-dropdown__option__inner {
    display: block;
    white-space: nowrap;
    user-select: none;
    outline: none;
    width: 100%;
    padding: 1rem;
    cursor: pointer;
    background-color: white;
    border-bottom: 1px solid var(--color-outline-grey); }
    .dnb-dropdown__option__inner:last-child {
      border-bottom: none; }
    .no-touch .dnb-dropdown__option__inner:hover[disabled] {
      cursor: not-allowed; }
    .no-touch .dnb-dropdown__option__inner:hover:not([disabled]) {
      background-color: #f5fafa; }
  .dnb-dropdown__option {
    padding: 2px;
    background-color: white; }
    .dnb-dropdown__option--active {
      background-color: #f5fafa; }
      .dnb-dropdown__option--active .dnb-dropdown__option__inner {
        box-shadow: 0 0 0 2px var(--color-sea-green);
        outline: none;
        border-color: transparent; }
        html[data-whatinput='mouse'] .dnb-dropdown__option--active .dnb-dropdown__option__inner:not(.dnb-no-mouse-focus) {
          transition: box-shadow 0.1s ease-out 0s;
          box-shadow: 0 0 0 2px var(--color-emerald-green); }
        html[data-whatinput='keyboard'] .dnb-dropdown__option--active .dnb-dropdown__option__inner {
          box-shadow: 0 0 0 2px var(--color-signal-orange); }
    .no-touch .dnb-dropdown__option:hover[disabled] {
      cursor: not-allowed; }
    .no-touch .dnb-dropdown__option:hover:not([disabled]) {
      background-color: #f5fafa; }
      .no-touch .dnb-dropdown__option:hover:not([disabled]) .dnb-dropdown__option__inner {
        background-color: #f5fafa; }
    .dnb-dropdown__option.dnb-dropdown__option--selected {
      background-color: #f5fafa; }
      .dnb-dropdown__option.dnb-dropdown__option--selected .dnb-dropdown__option__inner {
        background-color: #f5fafa; }
  .dnb-dropdown--hidden .dnb-dropdown__options {
    visibility: hidden;
    opacity: 0;
    transform: translate(0, 0); }
  .dnb-dropdown__trigger {
    position: relative;
    z-index: 1;
    user-select: none;
    display: inline-flex;
    outline: none;
    width: inherit;
    height: 2.2rem;
    padding: 0 1rem;
    font-size: inherit;
    line-height: 2.2rem;
    background-color: white;
    border: 1px solid #bedbdb;
    border-radius: 2rem; }
  .dnb-dropdown__icon {
    order: 2;
    display: inline-block;
    height: inherit;
    pointer-events: none; }
    .dnb-dropdown__icon .dnb-icon {
      display: flex;
      align-items: center;
      height: inherit;
      color: var(--color-sea-green); }
    .dnb-dropdown__icon__triangle {
      position: absolute;
      z-index: 2;
      top: 80%;
      right: 8.5%;
      visibility: hidden;
      width: 1.1rem;
      height: 1.1rem;
      background-color: white;
      border: 1px solid var(--color-outline-grey);
      opacity: 0;
      transform: translate(50%, 50%) rotate(45deg);
      transition: transform 200ms, opacity 50ms ease-out; }
      .dnb-dropdown__icon__triangle::before {
        content: '';
        /* stylelint-disable */
        width: 110%;
        height: 110%;
        width: calc(100% + 2px);
        height: calc(100% + 2px);
        /* stylelint-enable */
        position: relative;
        background-color: white;
        display: block; }
  .dnb-dropdown__text {
    order: 1;
    position: relative;
    z-index: 4;
    display: inline-block;
    width: inherit;
    height: inherit;
    padding-right: 0.3rem;
    overflow: hidden;
    text-align: left;
    text-overflow: ellipsis; }
    .dnb-dropdown__text__inner {
      display: inline-block;
      max-width: 20rem;
      /* stylelint-disable */
      width: inherit;
      width: calc( var(--dropdown-width) - calc(1rem * 4));
      /* stylelint-enable */
      overflow: hidden;
      white-space: nowrap;
      color: #58595b;
      text-decoration: none;
      text-overflow: inherit;
      text-align: inherit; }
  .dnb-dropdown__option__item {
    display: block;
    overflow: hidden;
    text-overflow: ellipsis;
    width: 100%; }
  .dnb-dropdown--icon-position-left .dnb-dropdown__icon {
    order: 1;
    margin-top: -1px; }
    .dnb-dropdown--icon-position-left .dnb-dropdown__icon__triangle {
      right: auto;
      left: 4%; }
  .dnb-dropdown--icon-position-left .dnb-dropdown__text {
    order: 2;
    padding-left: 0.3rem; }
  .dnb-dropdown__value-holder-input {
    position: absolute;
    z-index: 6;
    top: 0;
    left: 0;
    cursor: pointer;
    display: block;
    width: 100%;
    height: 2.2rem;
    opacity: 0; }
    .no-touch .dnb-dropdown__value-holder-input:hover[disabled] {
      cursor: not-allowed; }
    .no-touch .dnb-dropdown__value-holder-input:hover:not([disabled]) ~ .dnb-dropdown__trigger .dnb-dropdown__text {
      opacity: 0.8; }
    .no-touch .dnb-dropdown__value-holder-input:hover:not([disabled]) ~ .dnb-dropdown__trigger .dnb-dropdown__icon .dnb-icon {
      color: var(--color-sea-green); }
    .dnb-dropdown__value-holder-input:focus ~ .dnb-dropdown__trigger {
      z-index: 9;
      cursor: pointer;
      box-shadow: 0 0 0 2px var(--color-sea-green);
      outline: none;
      border-color: transparent; }
      html[data-whatinput='mouse'] .dnb-dropdown__value-holder-input:focus ~ .dnb-dropdown__trigger:not(.dnb-no-mouse-focus) {
        transition: box-shadow 0.1s ease-out 0s;
        box-shadow: 0 0 0 2px var(--color-emerald-green); }
      html[data-whatinput='keyboard'] .dnb-dropdown__value-holder-input:focus ~ .dnb-dropdown__trigger {
        box-shadow: 0 0 0 2px var(--color-signal-orange); }
    .dnb-dropdown__value-holder-input:focus ~ .dnb-dropdown__options {
      z-index: 8;
      visibility: visible;
      opacity: 1;
      transform: translate(0, 1.3rem); }
    .dnb-dropdown__value-holder-input:focus ~ .dnb-dropdown__trigger
.dnb-dropdown__icon
.dnb-dropdown__icon__triangle {
      visibility: visible;
      transform: translate(50%, 0.25rem) rotate(45deg);
      opacity: 1; }
  .dnb-dropdown__value-holder-input[disabled] ~ .dnb-dropdown__icon,
  .dnb-dropdown__value-holder-input[disabled] ~ .dnb-dropdown__trigger {
    opacity: 0.4; }
  .dnb-dropdown__value-holder-input:not([disabled]):hover ~ .dnb-dropdown__trigger {
    color: #000; }
  .dnb-dropdown__outside-value {
    display: block;
    padding: 0.5rem 0 1rem 1rem; }
  .dnb-dropdown .icon-chevron-left .dnb-icon svg {
    transform: rotate(-90deg); }
"
`;
