// Jest Snapshot v1, https://goo.gl/fbAQLP

exports[`"registerElement" should have to match snapshot 1`] = `undefined`;
