// Jest Snapshot v1, https://goo.gl/fbAQLP

exports[`convertSvgToJsx as CJS Modules has to convert correctly and match snapshot 1`] = `
<svg
  viewBox="0 0 24 24"
>
  <path
    d="M12 22c-1.3 0-2.5-.9-2.8-2.2H2.7c-.4 0-.7-.3-.7-.7 0-.4.3-.7.7-.7.8 0 1.5-.7 1.5-1.5V12c0-3 1.7-5.8 4.4-7 .2-1.7 1.6-3 3.4-3 1.7 0 3.2 1.3 3.4 3 2.7 1.3 4.4 4 4.4 7v5c0 .8.7 1.5 1.5 1.5.4 0 .7.3.7.7 0 .4-.3.7-.7.7h-6.6c-.2 1.2-1.4 2.1-2.7 2.1zm-6.9-3.5h4.7c.4 0 .7.3.7.7 0 .8.7 1.5 1.5 1.5s1.5-.7 1.5-1.5c0-.4.3-.7.7-.7h4.7c-.3-.4-.5-1-.5-1.5v-5c0-2.6-1.6-5-4-6-.2-.1-.4-.3-.4-.6 0-1.2-.9-2.1-2.1-2.1s-2 1-2 2.1c0 .3-.2.5-.4.6-2.4 1-4 3.3-4 6v4.9c0 .6-.2 1.1-.4 1.6z"
  />
</svg>
`;

exports[`convertSvgToJsx as ES Modules has to convert correctly and match snapshot 1`] = `
<svg
  viewBox="0 0 24 24"
>
  <path
    d="M12 22c-1.3 0-2.5-.9-2.8-2.2H2.7c-.4 0-.7-.3-.7-.7 0-.4.3-.7.7-.7.8 0 1.5-.7 1.5-1.5V12c0-3 1.7-5.8 4.4-7 .2-1.7 1.6-3 3.4-3 1.7 0 3.2 1.3 3.4 3 2.7 1.3 4.4 4 4.4 7v5c0 .8.7 1.5 1.5 1.5.4 0 .7.3.7.7 0 .4-.3.7-.7.7h-6.6c-.2 1.2-1.4 2.1-2.7 2.1zm-6.9-3.5h4.7c.4 0 .7.3.7.7 0 .8.7 1.5 1.5 1.5s1.5-.7 1.5-1.5c0-.4.3-.7.7-.7h4.7c-.3-.4-.5-1-.5-1.5v-5c0-2.6-1.6-5-4-6-.2-.1-.4-.3-.4-.6 0-1.2-.9-2.1-2.1-2.1s-2 1-2 2.1c0 .3-.2.5-.4.6-2.4 1-4 3.3-4 6v4.9c0 .6-.2 1.1-.4 1.6z"
  />
</svg>
`;
